Component: ARM Compiler 5.06 update 5 (build 528) Tool: armlink [4d35e2]

==============================================================================

Section Cross References

    action_handler.o(i.action_handler_init) refers to hal_gpio.o(i.hal_gpio_init_output) for hal_gpio_init_output
    action_handler.o(i.ah_lcd_write) refers to hal_ct_lcd.o(i.hal_ct_lcd_clear) for hal_ct_lcd_clear
    action_handler.o(i.ah_lcd_write) refers to hal_ct_lcd.o(i.hal_ct_lcd_write) for hal_ct_lcd_write
    action_handler.o(i.ah_set_signal) refers to hal_gpio.o(i.hal_gpio_output_read) for hal_gpio_output_read
    action_handler.o(i.ah_set_signal) refers to hal_gpio.o(i.hal_gpio_output_write) for hal_gpio_output_write
    event_handler.o(i.eh_get_event) refers to timer.o(i.timer_read) for timer_read
    event_handler.o(i.eh_get_event) refers to timer.o(i.timer_decrement) for timer_decrement
    event_handler.o(i.eh_get_event) refers to hal_gpio.o(i.hal_gpio_input_read) for hal_gpio_input_read
    event_handler.o(i.eh_get_event) refers to event_handler.o(.data) for timer_old
    event_handler.o(i.eh_init) refers to hal_gpio.o(i.hal_gpio_init_input) for hal_gpio_init_input
    main.o(i.main) refers to event_handler.o(i.eh_init) for eh_init
    main.o(i.main) refers to state_machine.o(i.fsm_init) for fsm_init
    main.o(i.main) refers to timer.o(i.timer_init) for timer_init
    main.o(i.main) refers to event_handler.o(i.eh_get_event) for eh_get_event
    main.o(i.main) refers to state_machine.o(i.fsm_handle_event) for fsm_handle_event
    main.o(i.main) refers to timer.o(i.timer_wait_for_tick) for timer_wait_for_tick
    state_machine.o(i.fsm_handle_event) refers to state_machine.o(i.__ARM_common_switch8) for __ARM_common_switch8
    state_machine.o(i.fsm_handle_event) refers to action_handler.o(i.ah_set_signal) for ah_set_signal
    state_machine.o(i.fsm_handle_event) refers to action_handler.o(i.ah_lcd_write) for ah_lcd_write
    state_machine.o(i.fsm_handle_event) refers to timer.o(i.timer_start) for timer_start
    state_machine.o(i.fsm_handle_event) refers to state_machine.o(.data) for state
    state_machine.o(i.fsm_init) refers to action_handler.o(i.action_handler_init) for action_handler_init
    state_machine.o(i.fsm_init) refers to action_handler.o(i.ah_set_signal) for ah_set_signal
    state_machine.o(i.fsm_init) refers to timer.o(i.timer_start) for timer_start
    state_machine.o(i.fsm_init) refers to action_handler.o(i.ah_lcd_write) for ah_lcd_write
    state_machine.o(i.fsm_init) refers to state_machine.o(.data) for state
    state_machine.o(i.fsm_set_state) refers to state_machine.o(.data) for state
    timer.o(i.TIM4_IRQHandler) refers to hal_timer.o(i.hal_timer_irq_status) for hal_timer_irq_status
    timer.o(i.TIM4_IRQHandler) refers to hal_timer.o(i.hal_timer_irq_clear) for hal_timer_irq_clear
    timer.o(i.TIM4_IRQHandler) refers to timer.o(.data) for timer_tick
    timer.o(i.timer_decrement) refers to timer.o(.data) for timer_count
    timer.o(i.timer_init) refers to hal_timer.o(i.hal_timer_init_base) for hal_timer_init_base
    timer.o(i.timer_init) refers to hal_timer.o(i.hal_timer_irq_set) for hal_timer_irq_set
    timer.o(i.timer_init) refers to hal_timer.o(i.hal_timer_start) for hal_timer_start
    timer.o(i.timer_read) refers to timer.o(.data) for timer_count
    timer.o(i.timer_start) refers to timer.o(.data) for timer_count
    timer.o(i.timer_stop) refers to timer.o(.data) for timer_count
    timer.o(i.timer_wait_for_tick) refers to timer.o(.data) for timer_tick
    datainit_ctboard.o(.text) refers (Weak) to startup_ctboard.o(STACK) for Stack_Mem
    datainit_ctboard.o(.text) refers to main.o(i.main) for main
    startup_ctboard.o(RESET) refers to startup_ctboard.o(STACK) for __initial_sp
    startup_ctboard.o(RESET) refers to startup_ctboard.o(.text) for Reset_Handler
    startup_ctboard.o(RESET) refers to timer.o(i.TIM4_IRQHandler) for TIM4_IRQHandler
    startup_ctboard.o(.text) refers to system_ctboard.o(i.__system) for __system
    startup_ctboard.o(.text) refers to datainit_ctboard.o(.text) for __main
    system_ctboard.o(i.__system) refers to system_ctboard.o(i.system_enter_run) for system_enter_run
    system_ctboard.o(i.init_FMC_SRAM) refers to hal_gpio.o(i.hal_gpio_init_alternate) for hal_gpio_init_alternate
    system_ctboard.o(i.init_FMC_SRAM) refers to rt_memcpy.o(.emb_text) for __aeabi_memcpy4
    system_ctboard.o(i.init_FMC_SRAM) refers to hal_fmc.o(i.hal_fmc_init_sram) for hal_fmc_init_sram
    system_ctboard.o(i.init_SystemClock) refers to hal_rcc.o(i.hal_rcc_reset) for hal_rcc_reset
    system_ctboard.o(i.init_SystemClock) refers to hal_rcc.o(i.hal_rcc_set_osc) for hal_rcc_set_osc
    system_ctboard.o(i.init_SystemClock) refers to hal_rcc.o(i.hal_rcc_setup_pll) for hal_rcc_setup_pll
    system_ctboard.o(i.init_SystemClock) refers to hal_pwr.o(i.hal_pwr_set_overdrive) for hal_pwr_set_overdrive
    system_ctboard.o(i.init_SystemClock) refers to hal_rcc.o(i.hal_rcc_setup_clock) for hal_rcc_setup_clock
    system_ctboard.o(i.system_enter_run) refers to system_ctboard.o(i.init_SystemClock) for init_SystemClock
    system_ctboard.o(i.system_enter_run) refers to system_ctboard.o(i.init_FPU) for init_FPU
    system_ctboard.o(i.system_enter_run) refers to system_ctboard.o(i.init_FMC_SRAM) for init_FMC_SRAM
    system_ctboard.o(i.system_enter_run) refers to system_ctboard.o(i.init_LCD) for init_LCD
    hal_ct_lcd.o(i.hal_ct_lcd_clear) refers to hal_ct_lcd.o(i.hal_ct_lcd_write) for hal_ct_lcd_write
    hal_gpio.o(i.create_pattern_mask) refers to aeabi_sdiv.o(.text) for __aeabi_idivmod
    hal_gpio.o(i.hal_gpio_bit_reset) refers to hal_gpio.o(i.intercept_overwrite_register) for intercept_overwrite_register
    hal_gpio.o(i.hal_gpio_bit_set) refers to hal_gpio.o(i.intercept_overwrite_register) for intercept_overwrite_register
    hal_gpio.o(i.hal_gpio_bit_toggle) refers to hal_gpio.o(i.intercept_overwrite_register) for intercept_overwrite_register
    hal_gpio.o(i.hal_gpio_bit_toggle) refers to hal_gpio.o(i.hal_gpio_output_read) for hal_gpio_output_read
    hal_gpio.o(i.hal_gpio_init_alternate) refers to hal_gpio.o(i.hal_gpio_init_output) for hal_gpio_init_output
    hal_gpio.o(i.hal_gpio_init_alternate) refers to hal_gpio.o(i.create_pattern_mask) for create_pattern_mask
    hal_gpio.o(i.hal_gpio_init_analog) refers to hal_gpio.o(i.hal_gpio_init_input) for hal_gpio_init_input
    hal_gpio.o(i.hal_gpio_init_analog) refers to hal_gpio.o(i.create_pattern_mask) for create_pattern_mask
    hal_gpio.o(i.hal_gpio_init_input) refers to hal_gpio.o(i.intercept_overwrite_register) for intercept_overwrite_register
    hal_gpio.o(i.hal_gpio_init_input) refers to hal_gpio.o(i.create_pattern_mask) for create_pattern_mask
    hal_gpio.o(i.hal_gpio_init_output) refers to hal_gpio.o(i.intercept_overwrite_register) for intercept_overwrite_register
    hal_gpio.o(i.hal_gpio_init_output) refers to hal_gpio.o(i.create_pattern_mask) for create_pattern_mask
    hal_gpio.o(i.hal_gpio_irq_set) refers to hal_gpio.o(i.get_syscfg_mask) for get_syscfg_mask
    hal_gpio.o(i.hal_gpio_output_write) refers to hal_gpio.o(i.intercept_overwrite_register) for intercept_overwrite_register
    hal_rcc.o(i.hal_rcc_set_peripheral) refers to state_machine.o(i.__ARM_common_switch8) for __ARM_common_switch8
    hal_timer.o(i.hal_timer_init_input) refers to hal_timer.o(i.set_channel_ccreg) for set_channel_ccreg
    hal_timer.o(i.hal_timer_init_input) refers to hal_timer.o(i.set_channel_polarity) for set_channel_polarity
    hal_timer.o(i.hal_timer_init_input) refers to hal_timer.o(i.hal_timer_channel_set) for hal_timer_channel_set
    hal_timer.o(i.hal_timer_init_output) refers to hal_timer.o(i.set_channel_ccreg) for set_channel_ccreg
    hal_timer.o(i.hal_timer_init_output) refers to hal_timer.o(i.set_channel_polarity) for set_channel_polarity
    hal_timer.o(i.hal_timer_init_output) refers to hal_timer.o(i.hal_timer_channel_set) for hal_timer_channel_set
    hal_timer.o(i.hal_timer_init_output) refers to hal_timer.o(i.hal_timer_compare_write) for hal_timer_compare_write
    hal_timer.o(i.hal_timer_init_output) refers to hal_timer.o(i.adv_main_output_set) for adv_main_output_set
    hal_timer.o(i.hal_timer_irq_set) refers to hal_timer.o(i.get_irq_param) for get_irq_param
    hal_timer.o(i.hal_timer_reset) refers to hal_timer.o(i.get_irq_param) for get_irq_param
    rt_memcpy.o(.text) refers to rt_memcpy.o(.emb_text) for __aeabi_memcpy4
    aeabi_idiv0_sigfpe.o(.text) refers to rt_div0.o(.text) for __rt_div0
    rt_div0.o(.text) refers to defsig_fpe_outer.o(.text) for __rt_SIGFPE
    defsig_fpe_outer.o(.text) refers to defsig_fpe_inner.o(.text) for __rt_SIGFPE_inner
    defsig_fpe_outer.o(.text) refers to defsig_exit.o(.text) for __sig_exit
    defsig_fpe_formal.o(.text) refers to rt_raise.o(.text) for __rt_raise
    rt_raise.o(.text) refers to __raise.o(.text) for __raise
    rt_raise.o(.text) refers to sys_exit.o(.text) for _sys_exit
    defsig_exit.o(.text) refers to sys_exit.o(.text) for _sys_exit
    defsig_fpe_inner.o(.text) refers to defsig_general.o(.text) for __default_signal_display
    sys_exit.o(.text) refers (Special) to use_no_semi.o(.text) for __I$use$semihosting
    sys_exit.o(.text) refers (Special) to indicate_semi.o(.text) for __semihosting_library_function
    __raise.o(.text) refers to defsig.o(CL$$defsig) for __default_signal_handler
    defsig_general.o(.text) refers to sys_wrch.o(.text) for _ttywrch
    sys_wrch.o(.text) refers (Special) to use_no_semi.o(.text) for __I$use$semihosting
    sys_wrch.o(.text) refers (Special) to indicate_semi.o(.text) for __semihosting_library_function
    defsig.o(CL$$defsig) refers to defsig_fpe_inner.o(.text) for __rt_SIGFPE_inner
    defsig_abrt_inner.o(.text) refers to defsig_general.o(.text) for __default_signal_display
    defsig_rtred_inner.o(.text) refers to defsig_general.o(.text) for __default_signal_display
    defsig_rtmem_inner.o(.text) refers to defsig_general.o(.text) for __default_signal_display
    defsig_stak_inner.o(.text) refers to defsig_general.o(.text) for __default_signal_display
    defsig_pvfn_inner.o(.text) refers to defsig_general.o(.text) for __default_signal_display
    defsig_cppl_inner.o(.text) refers to defsig_general.o(.text) for __default_signal_display
    defsig_segv_inner.o(.text) refers to defsig_general.o(.text) for __default_signal_display
    defsig_other.o(.text) refers to defsig_general.o(.text) for __default_signal_display


==============================================================================

Removing Unused input sections from the image.

    Removing state_machine.o(i.fsm_set_state), (12 bytes).
    Removing timer.o(i.timer_stop), (12 bytes).
    Removing startup_ctboard.o(HEAP), (2048 bytes).
    Removing system_ctboard.o(i.system_enter_sleep), (2 bytes).
    Removing system_ctboard.o(i.system_enter_standby), (2 bytes).
    Removing system_ctboard.o(i.system_enter_stop), (2 bytes).
    Removing hal_ct_lcd.o(i.hal_ct_lcd_color), (40 bytes).
    Removing hal_fmc.o(i.hal_fmc_reset), (92 bytes).
    Removing hal_gpio.o(i.get_syscfg_mask), (148 bytes).
    Removing hal_gpio.o(i.hal_gpio_bit_reset), (24 bytes).
    Removing hal_gpio.o(i.hal_gpio_bit_set), (24 bytes).
    Removing hal_gpio.o(i.hal_gpio_bit_toggle), (42 bytes).
    Removing hal_gpio.o(i.hal_gpio_init_analog), (50 bytes).
    Removing hal_gpio.o(i.hal_gpio_irq_clear), (16 bytes).
    Removing hal_gpio.o(i.hal_gpio_irq_set), (268 bytes).
    Removing hal_gpio.o(i.hal_gpio_irq_status), (36 bytes).
    Removing hal_gpio.o(i.hal_gpio_reset), (76 bytes).
    Removing hal_pwr.o(i.hal_pwr_reset), (20 bytes).
    Removing hal_pwr.o(i.hal_pwr_set_backup_access), (40 bytes).
    Removing hal_pwr.o(i.hal_pwr_set_backup_domain), (100 bytes).
    Removing hal_pwr.o(i.hal_pwr_set_flash_powerdown), (40 bytes).
    Removing hal_pwr.o(i.hal_pwr_set_underdrive), (6 bytes).
    Removing hal_pwr.o(i.hal_pwr_set_wakeup_pin), (40 bytes).
    Removing hal_rcc.o(i.hal_rcc_set_peripheral), (236 bytes).
    Removing hal_timer.o(i.adv_main_output_set), (26 bytes).
    Removing hal_timer.o(i.hal_timer_channel_set), (50 bytes).
    Removing hal_timer.o(i.hal_timer_compare_read), (36 bytes).
    Removing hal_timer.o(i.hal_timer_compare_write), (68 bytes).
    Removing hal_timer.o(i.hal_timer_counter_read), (28 bytes).
    Removing hal_timer.o(i.hal_timer_dma_set), (20 bytes).
    Removing hal_timer.o(i.hal_timer_init_clock), (86 bytes).
    Removing hal_timer.o(i.hal_timer_init_input), (64 bytes).
    Removing hal_timer.o(i.hal_timer_init_output), (88 bytes).
    Removing hal_timer.o(i.hal_timer_prescaler_write), (36 bytes).
    Removing hal_timer.o(i.hal_timer_reload_write), (28 bytes).
    Removing hal_timer.o(i.hal_timer_reset), (220 bytes).
    Removing hal_timer.o(i.hal_timer_stop), (10 bytes).
    Removing hal_timer.o(i.set_channel_ccreg), (102 bytes).
    Removing hal_timer.o(i.set_channel_polarity), (48 bytes).

39 unused section(s) (total 4286 bytes) removed from the image.

==============================================================================

Image Symbol Table

    Local Symbols

    Symbol Name                              Value     Ov Type        Size  Object(Section)

    ../clib/angel/rt.s                       0x00000000   Number         0  aeabi_idiv0.o ABSOLUTE
    ../clib/angel/rt.s                       0x00000000   Number         0  aeabi_idiv0_sigfpe.o ABSOLUTE
    ../clib/angel/rt.s                       0x00000000   Number         0  rt_div0.o ABSOLUTE
    ../clib/angel/rt.s                       0x00000000   Number         0  rt_raise.o ABSOLUTE
    ../clib/angel/sys.s                      0x00000000   Number         0  indicate_semi.o ABSOLUTE
    ../clib/angel/sys.s                      0x00000000   Number         0  use_no_semi.o ABSOLUTE
    ../clib/angel/sysapp.c                   0x00000000   Number         0  sys_wrch.o ABSOLUTE
    ../clib/angel/sysapp.c                   0x00000000   Number         0  sys_exit.o ABSOLUTE
    ../clib/division.s                       0x00000000   Number         0  aeabi_sdiv.o ABSOLUTE
    ../clib/division.s                       0x00000000   Number         0  aeabi_sdiv_div0.o ABSOLUTE
    ../clib/memcpset.c                       0x00000000   Number         0  rt_memcpy.o ABSOLUTE
    ../clib/memcpset.c                       0x00000000   Number         0  rt_memcpy.o ABSOLUTE
    ../clib/signal.c                         0x00000000   Number         0  defsig_stak_inner.o ABSOLUTE
    ../clib/signal.c                         0x00000000   Number         0  defsig_fpe_formal.o ABSOLUTE
    ../clib/signal.c                         0x00000000   Number         0  defsig_fpe_outer.o ABSOLUTE
    ../clib/signal.c                         0x00000000   Number         0  defsig_segv_inner.o ABSOLUTE
    ../clib/signal.c                         0x00000000   Number         0  defsig_cppl_inner.o ABSOLUTE
    ../clib/signal.c                         0x00000000   Number         0  defsig_pvfn_inner.o ABSOLUTE
    ../clib/signal.c                         0x00000000   Number         0  defsig_other.o ABSOLUTE
    ../clib/signal.c                         0x00000000   Number         0  defsig_rtmem_inner.o ABSOLUTE
    ../clib/signal.c                         0x00000000   Number         0  defsig_rtred_inner.o ABSOLUTE
    ../clib/signal.c                         0x00000000   Number         0  defsig_abrt_inner.o ABSOLUTE
    ../clib/signal.c                         0x00000000   Number         0  __raise.o ABSOLUTE
    ../clib/signal.c                         0x00000000   Number         0  defsig_general.o ABSOLUTE
    ../clib/signal.c                         0x00000000   Number         0  defsig_fpe_inner.o ABSOLUTE
    ../clib/signal.c                         0x00000000   Number         0  defsig_exit.o ABSOLUTE
    ../clib/signal.s                         0x00000000   Number         0  defsig.o ABSOLUTE
    RTE\Device\CT_Board_HS14_M0\datainit_ctboard.s 0x00000000   Number         0  datainit_ctboard.o ABSOLUTE
    RTE\Device\CT_Board_HS14_M0\startup_ctboard.s 0x00000000   Number         0  startup_ctboard.o ABSOLUTE
    RTE\Device\CT_Board_HS14_M0\system_ctboard.c 0x00000000   Number         0  system_ctboard.o ABSOLUTE
    RTE\HAL\CT_Board_HS14_M0\hal_ct_lcd.c    0x00000000   Number         0  hal_ct_lcd.o ABSOLUTE
    RTE\HAL\CT_Board_HS14_M0\hal_fmc.c       0x00000000   Number         0  hal_fmc.o ABSOLUTE
    RTE\HAL\CT_Board_HS14_M0\hal_gpio.c      0x00000000   Number         0  hal_gpio.o ABSOLUTE
    RTE\HAL\CT_Board_HS14_M0\hal_pwr.c       0x00000000   Number         0  hal_pwr.o ABSOLUTE
    RTE\HAL\CT_Board_HS14_M0\hal_rcc.c       0x00000000   Number         0  hal_rcc.o ABSOLUTE
    RTE\HAL\CT_Board_HS14_M0\hal_timer.c     0x00000000   Number         0  hal_timer.o ABSOLUTE
    app\action_handler.c                     0x00000000   Number         0  action_handler.o ABSOLUTE
    app\event_handler.c                      0x00000000   Number         0  event_handler.o ABSOLUTE
    app\main.c                               0x00000000   Number         0  main.o ABSOLUTE
    app\state_machine.c                      0x00000000   Number         0  state_machine.o ABSOLUTE
    app\timer.c                              0x00000000   Number         0  timer.o ABSOLUTE
    dc.s                                     0x00000000   Number         0  dc.o ABSOLUTE
    RESET                                    0x08000000   Section      428  startup_ctboard.o(RESET)
    .emb_text                                0x080001ac   Section       56  rt_memcpy.o(.emb_text)
    .text                                    0x080001e4   Section      124  datainit_ctboard.o(.text)
    .text                                    0x08000260   Section       36  startup_ctboard.o(.text)
    .text                                    0x08000284   Section      346  aeabi_sdiv.o(.text)
    i.TIM4_IRQHandler                        0x080003e0   Section        0  timer.o(i.TIM4_IRQHandler)
    i.__ARM_common_switch8                   0x0800040c   Section        0  state_machine.o(i.__ARM_common_switch8)
    i.__system                               0x08000428   Section        0  system_ctboard.o(i.__system)
    i.action_handler_init                    0x08000430   Section        0  action_handler.o(i.action_handler_init)
    i.ah_lcd_write                           0x08000468   Section        0  action_handler.o(i.ah_lcd_write)
    i.ah_set_signal                          0x0800047c   Section        0  action_handler.o(i.ah_set_signal)
    i.create_pattern_mask                    0x080004ac   Section        0  hal_gpio.o(i.create_pattern_mask)
    create_pattern_mask                      0x080004ad   Thumb Code    92  hal_gpio.o(i.create_pattern_mask)
    i.eh_get_event                           0x08000508   Section        0  event_handler.o(i.eh_get_event)
    i.eh_init                                0x0800059c   Section        0  event_handler.o(i.eh_init)
    i.fsm_handle_event                       0x080005c4   Section        0  state_machine.o(i.fsm_handle_event)
    i.fsm_init                               0x080009cc   Section        0  state_machine.o(i.fsm_init)
    i.get_irq_param                          0x08000a38   Section        0  hal_timer.o(i.get_irq_param)
    get_irq_param                            0x08000a39   Thumb Code   360  hal_timer.o(i.get_irq_param)
    i.hal_ct_lcd_clear                       0x08000bd4   Section        0  hal_ct_lcd.o(i.hal_ct_lcd_clear)
    i.hal_ct_lcd_write                       0x08000c00   Section        0  hal_ct_lcd.o(i.hal_ct_lcd_write)
    i.hal_fmc_init_sram                      0x08000c2c   Section        0  hal_fmc.o(i.hal_fmc_init_sram)
    i.hal_gpio_init_alternate                0x08000dc8   Section        0  hal_gpio.o(i.hal_gpio_init_alternate)
    i.hal_gpio_init_input                    0x08000e4a   Section        0  hal_gpio.o(i.hal_gpio_init_input)
    i.hal_gpio_init_output                   0x08000ea4   Section        0  hal_gpio.o(i.hal_gpio_init_output)
    i.hal_gpio_input_read                    0x08000f3c   Section        0  hal_gpio.o(i.hal_gpio_input_read)
    i.hal_gpio_output_read                   0x08000f44   Section        0  hal_gpio.o(i.hal_gpio_output_read)
    i.hal_gpio_output_write                  0x08000f4c   Section        0  hal_gpio.o(i.hal_gpio_output_write)
    i.hal_pwr_set_overdrive                  0x08000f60   Section        0  hal_pwr.o(i.hal_pwr_set_overdrive)
    i.hal_rcc_reset                          0x08000f68   Section        0  hal_rcc.o(i.hal_rcc_reset)
    i.hal_rcc_set_osc                        0x08001034   Section        0  hal_rcc.o(i.hal_rcc_set_osc)
    i.hal_rcc_setup_clock                    0x080010cc   Section        0  hal_rcc.o(i.hal_rcc_setup_clock)
    i.hal_rcc_setup_pll                      0x08001158   Section        0  hal_rcc.o(i.hal_rcc_setup_pll)
    i.hal_timer_init_base                    0x080012a0   Section        0  hal_timer.o(i.hal_timer_init_base)
    i.hal_timer_irq_clear                    0x0800130c   Section        0  hal_timer.o(i.hal_timer_irq_clear)
    i.hal_timer_irq_set                      0x08001314   Section        0  hal_timer.o(i.hal_timer_irq_set)
    i.hal_timer_irq_status                   0x08001370   Section        0  hal_timer.o(i.hal_timer_irq_status)
    i.hal_timer_start                        0x0800138c   Section        0  hal_timer.o(i.hal_timer_start)
    i.init_FMC_SRAM                          0x08001398   Section        0  system_ctboard.o(i.init_FMC_SRAM)
    init_FMC_SRAM                            0x08001399   Thumb Code   266  system_ctboard.o(i.init_FMC_SRAM)
    i.init_FPU                               0x080014c0   Section        0  system_ctboard.o(i.init_FPU)
    init_FPU                                 0x080014c1   Thumb Code     2  system_ctboard.o(i.init_FPU)
    i.init_LCD                               0x080014c4   Section        0  system_ctboard.o(i.init_LCD)
    init_LCD                                 0x080014c5   Thumb Code    12  system_ctboard.o(i.init_LCD)
    i.init_SystemClock                       0x080014d4   Section        0  system_ctboard.o(i.init_SystemClock)
    init_SystemClock                         0x080014d5   Thumb Code   168  system_ctboard.o(i.init_SystemClock)
    i.intercept_overwrite_register           0x0800158c   Section        0  hal_gpio.o(i.intercept_overwrite_register)
    intercept_overwrite_register             0x0800158d   Thumb Code    22  hal_gpio.o(i.intercept_overwrite_register)
    i.main                                   0x080015ac   Section        0  main.o(i.main)
    i.system_enter_run                       0x080015d0   Section        0  system_ctboard.o(i.system_enter_run)
    i.timer_decrement                        0x080015e4   Section        0  timer.o(i.timer_decrement)
    i.timer_init                             0x080015fc   Section        0  timer.o(i.timer_init)
    i.timer_read                             0x08001644   Section        0  timer.o(i.timer_read)
    i.timer_start                            0x08001650   Section        0  timer.o(i.timer_start)
    i.timer_wait_for_tick                    0x0800165c   Section        0  timer.o(i.timer_wait_for_tick)
    .data                                    0x20000000   Section        4  event_handler.o(.data)
    port_value_old                           0x20000000   Data           1  event_handler.o(.data)
    timer_old                                0x20000002   Data           2  event_handler.o(.data)
    .data                                    0x20000004   Section        1  state_machine.o(.data)
    state                                    0x20000004   Data           1  state_machine.o(.data)
    .data                                    0x20000006   Section        3  timer.o(.data)
    timer_count                              0x20000006   Data           2  timer.o(.data)
    timer_tick                               0x20000008   Data           1  timer.o(.data)
    STACK                                    0x20000010   Section     8192  startup_ctboard.o(STACK)
    __initial_sp                             0x20002010   Data           0  startup_ctboard.o(STACK)

    Global Symbols

    Symbol Name                              Value     Ov Type        Size  Object(Section)

    BuildAttributes$$THM_ISAv3M$S$PE$A:L22$X:L11$S22$IEEE1$IW$USESV6$~STKCKD$USESV7$~SHL$OSPACE$ROPI$EBA8$STANDARDLIB$REQ8$PRES8$EABIv2 0x00000000   Number         0  anon$$obj.o ABSOLUTE
    __ARM_use_no_argv                        0x00000000   Number         0  main.o ABSOLUTE
    Image$$ER_IROM1$$Limit                    - Undefined Weak Reference
    Image$$RW_IRAM1$$Base                     - Undefined Weak Reference
    Image$$RW_IRAM1$$ZI$$Base                 - Undefined Weak Reference
    Image$$RW_IRAM1$$ZI$$Limit                - Undefined Weak Reference
    __sigvec_lookup                           - Undefined Weak Reference
    __Vectors_Size                           0x000001ac   Number         0  startup_ctboard.o ABSOLUTE
    Stack_Size                               0x00002000   Number         0  startup_ctboard.o ABSOLUTE
    __Vectors                                0x08000000   Data           4  startup_ctboard.o(RESET)
    __Vectors_End                            0x080001ac   Data           0  startup_ctboard.o(RESET)
    __aeabi_memcpy4                          0x080001ad   Thumb Code    56  rt_memcpy.o(.emb_text)
    __aeabi_memcpy8                          0x080001ad   Thumb Code     0  rt_memcpy.o(.emb_text)
    __main                                   0x080001e5   Thumb Code    74  datainit_ctboard.o(.text)
    Reset_Handler                            0x08000261   Thumb Code     8  startup_ctboard.o(.text)
    NMI_Handler                              0x08000269   Thumb Code     2  startup_ctboard.o(.text)
    HardFault_Handler                        0x0800026b   Thumb Code     2  startup_ctboard.o(.text)
    MemManage_Handler                        0x0800026d   Thumb Code     2  startup_ctboard.o(.text)
    BusFault_Handler                         0x0800026f   Thumb Code     2  startup_ctboard.o(.text)
    UsageFault_Handler                       0x08000271   Thumb Code     2  startup_ctboard.o(.text)
    SVC_Handler                              0x08000273   Thumb Code     2  startup_ctboard.o(.text)
    DebugMon_Handler                         0x08000275   Thumb Code     2  startup_ctboard.o(.text)
    PendSV_Handler                           0x08000277   Thumb Code     2  startup_ctboard.o(.text)
    SysTick_Handler                          0x08000279   Thumb Code     2  startup_ctboard.o(.text)
    ADC_IRQHandler                           0x0800027b   Thumb Code     0  startup_ctboard.o(.text)
    CAN1_RX0_IRQHandler                      0x0800027b   Thumb Code     0  startup_ctboard.o(.text)
    CAN1_RX1_IRQHandler                      0x0800027b   Thumb Code     0  startup_ctboard.o(.text)
    CAN1_SCE_IRQHandler                      0x0800027b   Thumb Code     0  startup_ctboard.o(.text)
    CAN1_TX_IRQHandler                       0x0800027b   Thumb Code     0  startup_ctboard.o(.text)
    CAN2_RX0_IRQHandler                      0x0800027b   Thumb Code     0  startup_ctboard.o(.text)
    CAN2_RX1_IRQHandler                      0x0800027b   Thumb Code     0  startup_ctboard.o(.text)
    CAN2_SCE_IRQHandler                      0x0800027b   Thumb Code     0  startup_ctboard.o(.text)
    CAN2_TX_IRQHandler                       0x0800027b   Thumb Code     0  startup_ctboard.o(.text)
    CRYP_IRQHandler                          0x0800027b   Thumb Code     0  startup_ctboard.o(.text)
    DCMI_IRQHandler                          0x0800027b   Thumb Code     0  startup_ctboard.o(.text)
    DMA1_Stream0_IRQHandler                  0x0800027b   Thumb Code     0  startup_ctboard.o(.text)
    DMA1_Stream1_IRQHandler                  0x0800027b   Thumb Code     0  startup_ctboard.o(.text)
    DMA1_Stream2_IRQHandler                  0x0800027b   Thumb Code     0  startup_ctboard.o(.text)
    DMA1_Stream3_IRQHandler                  0x0800027b   Thumb Code     0  startup_ctboard.o(.text)
    DMA1_Stream4_IRQHandler                  0x0800027b   Thumb Code     0  startup_ctboard.o(.text)
    DMA1_Stream5_IRQHandler                  0x0800027b   Thumb Code     0  startup_ctboard.o(.text)
    DMA1_Stream6_IRQHandler                  0x0800027b   Thumb Code     0  startup_ctboard.o(.text)
    DMA1_Stream7_IRQHandler                  0x0800027b   Thumb Code     0  startup_ctboard.o(.text)
    DMA2D_IRQHandler                         0x0800027b   Thumb Code     0  startup_ctboard.o(.text)
    DMA2_Stream0_IRQHandler                  0x0800027b   Thumb Code     0  startup_ctboard.o(.text)
    DMA2_Stream1_IRQHandler                  0x0800027b   Thumb Code     0  startup_ctboard.o(.text)
    DMA2_Stream2_IRQHandler                  0x0800027b   Thumb Code     0  startup_ctboard.o(.text)
    DMA2_Stream3_IRQHandler                  0x0800027b   Thumb Code     0  startup_ctboard.o(.text)
    DMA2_Stream4_IRQHandler                  0x0800027b   Thumb Code     0  startup_ctboard.o(.text)
    DMA2_Stream5_IRQHandler                  0x0800027b   Thumb Code     0  startup_ctboard.o(.text)
    DMA2_Stream6_IRQHandler                  0x0800027b   Thumb Code     0  startup_ctboard.o(.text)
    DMA2_Stream7_IRQHandler                  0x0800027b   Thumb Code     0  startup_ctboard.o(.text)
    ETH_IRQHandler                           0x0800027b   Thumb Code     0  startup_ctboard.o(.text)
    ETH_WKUP_IRQHandler                      0x0800027b   Thumb Code     0  startup_ctboard.o(.text)
    EXTI0_IRQHandler                         0x0800027b   Thumb Code     0  startup_ctboard.o(.text)
    EXTI15_10_IRQHandler                     0x0800027b   Thumb Code     0  startup_ctboard.o(.text)
    EXTI1_IRQHandler                         0x0800027b   Thumb Code     0  startup_ctboard.o(.text)
    EXTI2_IRQHandler                         0x0800027b   Thumb Code     0  startup_ctboard.o(.text)
    EXTI3_IRQHandler                         0x0800027b   Thumb Code     0  startup_ctboard.o(.text)
    EXTI4_IRQHandler                         0x0800027b   Thumb Code     0  startup_ctboard.o(.text)
    EXTI9_5_IRQHandler                       0x0800027b   Thumb Code     0  startup_ctboard.o(.text)
    FLASH_IRQHandler                         0x0800027b   Thumb Code     0  startup_ctboard.o(.text)
    FMC_IRQHandler                           0x0800027b   Thumb Code     0  startup_ctboard.o(.text)
    FPU_IRQHandler                           0x0800027b   Thumb Code     0  startup_ctboard.o(.text)
    HASH_RNG_IRQHandler                      0x0800027b   Thumb Code     0  startup_ctboard.o(.text)
    I2C1_ER_IRQHandler                       0x0800027b   Thumb Code     0  startup_ctboard.o(.text)
    I2C1_EV_IRQHandler                       0x0800027b   Thumb Code     0  startup_ctboard.o(.text)
    I2C2_ER_IRQHandler                       0x0800027b   Thumb Code     0  startup_ctboard.o(.text)
    I2C2_EV_IRQHandler                       0x0800027b   Thumb Code     0  startup_ctboard.o(.text)
    I2C3_ER_IRQHandler                       0x0800027b   Thumb Code     0  startup_ctboard.o(.text)
    I2C3_EV_IRQHandler                       0x0800027b   Thumb Code     0  startup_ctboard.o(.text)
    LTDC_ER_IRQHandler                       0x0800027b   Thumb Code     0  startup_ctboard.o(.text)
    LTDC_IRQHandler                          0x0800027b   Thumb Code     0  startup_ctboard.o(.text)
    OTG_FS_IRQHandler                        0x0800027b   Thumb Code     0  startup_ctboard.o(.text)
    OTG_FS_WKUP_IRQHandler                   0x0800027b   Thumb Code     0  startup_ctboard.o(.text)
    OTG_HS_EP1_IN_IRQHandler                 0x0800027b   Thumb Code     0  startup_ctboard.o(.text)
    OTG_HS_EP1_OUT_IRQHandler                0x0800027b   Thumb Code     0  startup_ctboard.o(.text)
    OTG_HS_IRQHandler                        0x0800027b   Thumb Code     0  startup_ctboard.o(.text)
    OTG_HS_WKUP_IRQHandler                   0x0800027b   Thumb Code     0  startup_ctboard.o(.text)
    PVD_IRQHandler                           0x0800027b   Thumb Code     0  startup_ctboard.o(.text)
    RCC_IRQHandler                           0x0800027b   Thumb Code     0  startup_ctboard.o(.text)
    RTC_Alarm_IRQHandler                     0x0800027b   Thumb Code     0  startup_ctboard.o(.text)
    RTC_WKUP_IRQHandler                      0x0800027b   Thumb Code     0  startup_ctboard.o(.text)
    SAI1_IRQHandler                          0x0800027b   Thumb Code     0  startup_ctboard.o(.text)
    SDIO_IRQHandler                          0x0800027b   Thumb Code     0  startup_ctboard.o(.text)
    SPI1_IRQHandler                          0x0800027b   Thumb Code     0  startup_ctboard.o(.text)
    SPI2_IRQHandler                          0x0800027b   Thumb Code     0  startup_ctboard.o(.text)
    SPI3_IRQHandler                          0x0800027b   Thumb Code     0  startup_ctboard.o(.text)
    SPI4_IRQHandler                          0x0800027b   Thumb Code     0  startup_ctboard.o(.text)
    SPI5_IRQHandler                          0x0800027b   Thumb Code     0  startup_ctboard.o(.text)
    SPI6_IRQHandler                          0x0800027b   Thumb Code     0  startup_ctboard.o(.text)
    TAMP_STAMP_IRQHandler                    0x0800027b   Thumb Code     0  startup_ctboard.o(.text)
    TIM1_BRK_TIM9_IRQHandler                 0x0800027b   Thumb Code     0  startup_ctboard.o(.text)
    TIM1_CC_IRQHandler                       0x0800027b   Thumb Code     0  startup_ctboard.o(.text)
    TIM1_TRG_COM_TIM11_IRQHandler            0x0800027b   Thumb Code     0  startup_ctboard.o(.text)
    TIM1_UP_TIM10_IRQHandler                 0x0800027b   Thumb Code     0  startup_ctboard.o(.text)
    TIM2_IRQHandler                          0x0800027b   Thumb Code     0  startup_ctboard.o(.text)
    TIM3_IRQHandler                          0x0800027b   Thumb Code     0  startup_ctboard.o(.text)
    TIM5_IRQHandler                          0x0800027b   Thumb Code     0  startup_ctboard.o(.text)
    TIM6_DAC_IRQHandler                      0x0800027b   Thumb Code     0  startup_ctboard.o(.text)
    TIM7_IRQHandler                          0x0800027b   Thumb Code     0  startup_ctboard.o(.text)
    TIM8_BRK_TIM12_IRQHandler                0x0800027b   Thumb Code     0  startup_ctboard.o(.text)
    TIM8_CC_IRQHandler                       0x0800027b   Thumb Code     0  startup_ctboard.o(.text)
    TIM8_TRG_COM_TIM14_IRQHandler            0x0800027b   Thumb Code     0  startup_ctboard.o(.text)
    TIM8_UP_TIM13_IRQHandler                 0x0800027b   Thumb Code     0  startup_ctboard.o(.text)
    UART4_IRQHandler                         0x0800027b   Thumb Code     0  startup_ctboard.o(.text)
    UART5_IRQHandler                         0x0800027b   Thumb Code     0  startup_ctboard.o(.text)
    UART7_IRQHandler                         0x0800027b   Thumb Code     0  startup_ctboard.o(.text)
    UART8_IRQHandler                         0x0800027b   Thumb Code     0  startup_ctboard.o(.text)
    USART1_IRQHandler                        0x0800027b   Thumb Code     0  startup_ctboard.o(.text)
    USART2_IRQHandler                        0x0800027b   Thumb Code     0  startup_ctboard.o(.text)
    USART3_IRQHandler                        0x0800027b   Thumb Code     0  startup_ctboard.o(.text)
    USART6_IRQHandler                        0x0800027b   Thumb Code     0  startup_ctboard.o(.text)
    WWDG_IRQHandler                          0x0800027b   Thumb Code     0  startup_ctboard.o(.text)
    __aeabi_uidiv                            0x08000285   Thumb Code     0  aeabi_sdiv.o(.text)
    __aeabi_uidivmod                         0x08000285   Thumb Code    20  aeabi_sdiv.o(.text)
    __aeabi_idiv                             0x08000299   Thumb Code     0  aeabi_sdiv.o(.text)
    __aeabi_idivmod                          0x08000299   Thumb Code   326  aeabi_sdiv.o(.text)
    TIM4_IRQHandler                          0x080003e1   Thumb Code    34  timer.o(i.TIM4_IRQHandler)
    __ARM_common_switch8                     0x0800040d   Thumb Code    28  state_machine.o(i.__ARM_common_switch8)
    __system                                 0x08000429   Thumb Code     8  system_ctboard.o(i.__system)
    action_handler_init                      0x08000431   Thumb Code    42  action_handler.o(i.action_handler_init)
    ah_lcd_write                             0x08000469   Thumb Code    18  action_handler.o(i.ah_lcd_write)
    ah_set_signal                            0x0800047d   Thumb Code    42  action_handler.o(i.ah_set_signal)
    eh_get_event                             0x08000509   Thumb Code   134  event_handler.o(i.eh_get_event)
    eh_init                                  0x0800059d   Thumb Code    30  event_handler.o(i.eh_init)
    fsm_handle_event                         0x080005c5   Thumb Code   812  state_machine.o(i.fsm_handle_event)
    fsm_init                                 0x080009cd   Thumb Code    78  state_machine.o(i.fsm_init)
    hal_ct_lcd_clear                         0x08000bd5   Thumb Code    20  hal_ct_lcd.o(i.hal_ct_lcd_clear)
    hal_ct_lcd_write                         0x08000c01   Thumb Code    38  hal_ct_lcd.o(i.hal_ct_lcd_write)
    hal_fmc_init_sram                        0x08000c2d   Thumb Code   412  hal_fmc.o(i.hal_fmc_init_sram)
    hal_gpio_init_alternate                  0x08000dc9   Thumb Code   130  hal_gpio.o(i.hal_gpio_init_alternate)
    hal_gpio_init_input                      0x08000e4b   Thumb Code    90  hal_gpio.o(i.hal_gpio_init_input)
    hal_gpio_init_output                     0x08000ea5   Thumb Code   152  hal_gpio.o(i.hal_gpio_init_output)
    hal_gpio_input_read                      0x08000f3d   Thumb Code     8  hal_gpio.o(i.hal_gpio_input_read)
    hal_gpio_output_read                     0x08000f45   Thumb Code     8  hal_gpio.o(i.hal_gpio_output_read)
    hal_gpio_output_write                    0x08000f4d   Thumb Code    20  hal_gpio.o(i.hal_gpio_output_write)
    hal_pwr_set_overdrive                    0x08000f61   Thumb Code     6  hal_pwr.o(i.hal_pwr_set_overdrive)
    hal_rcc_reset                            0x08000f69   Thumb Code   176  hal_rcc.o(i.hal_rcc_reset)
    hal_rcc_set_osc                          0x08001035   Thumb Code   148  hal_rcc.o(i.hal_rcc_set_osc)
    hal_rcc_setup_clock                      0x080010cd   Thumb Code   132  hal_rcc.o(i.hal_rcc_setup_clock)
    hal_rcc_setup_pll                        0x08001159   Thumb Code   314  hal_rcc.o(i.hal_rcc_setup_pll)
    hal_timer_init_base                      0x080012a1   Thumb Code   104  hal_timer.o(i.hal_timer_init_base)
    hal_timer_irq_clear                      0x0800130d   Thumb Code     8  hal_timer.o(i.hal_timer_irq_clear)
    hal_timer_irq_set                        0x08001315   Thumb Code    86  hal_timer.o(i.hal_timer_irq_set)
    hal_timer_irq_status                     0x08001371   Thumb Code    28  hal_timer.o(i.hal_timer_irq_status)
    hal_timer_start                          0x0800138d   Thumb Code    10  hal_timer.o(i.hal_timer_start)
    main                                     0x080015ad   Thumb Code    36  main.o(i.main)
    system_enter_run                         0x080015d1   Thumb Code    20  system_ctboard.o(i.system_enter_run)
    timer_decrement                          0x080015e5   Thumb Code    20  timer.o(i.timer_decrement)
    timer_init                               0x080015fd   Thumb Code    58  timer.o(i.timer_init)
    timer_read                               0x08001645   Thumb Code     6  timer.o(i.timer_read)
    timer_start                              0x08001651   Thumb Code     6  timer.o(i.timer_start)
    timer_wait_for_tick                      0x0800165d   Thumb Code    18  timer.o(i.timer_wait_for_tick)
    Image$$RO$$Limit                         0x08001674   Number         0  anon$$obj.o ABSOLUTE
    Image$$RW$$Base                          0x20000000   Number         0  anon$$obj.o ABSOLUTE
    Image$$ZI$$Base                          0x2000000c   Number         0  anon$$obj.o ABSOLUTE
    Stack_Mem                                0x20000010   Data        8192  startup_ctboard.o(STACK)
    Image$$ZI$$Limit                         0x20002010   Number         0  anon$$obj.o ABSOLUTE



==============================================================================

Memory Map of the image

  Image Entry point : 0x08000261

  Load Region LR_1 (Base: 0x08000000, Size: 0x00001680, Max: 0xffffffff, ABSOLUTE)

    Execution Region ER_RO (Exec base: 0x08000000, Load base: 0x08000000, Size: 0x00001674, Max: 0xffffffff, ABSOLUTE)

    Exec Addr    Load Addr    Size         Type   Attr      Idx    E Section Name        Object

    0x08000000   0x08000000   0x000001ac   Data   RO          176    RESET               startup_ctboard.o
    0x080001ac   0x080001ac   0x00000038   Code   RO          613    .emb_text           c_p.l(rt_memcpy.o)
    0x080001e4   0x080001e4   0x0000007c   Code   RO          169    .text               datainit_ctboard.o
    0x08000260   0x08000260   0x00000024   Code   RO          177  * .text               startup_ctboard.o
    0x08000284   0x08000284   0x0000015a   Code   RO          617    .text               c_p.l(aeabi_sdiv.o)
    0x080003de   0x080003de   0x00000002   PAD
    0x080003e0   0x080003e0   0x0000002c   Code   RO          116    i.TIM4_IRQHandler   timer.o
    0x0800040c   0x0800040c   0x0000001c   Code   RO          111    i.__ARM_common_switch8  state_machine.o
    0x08000428   0x08000428   0x00000008   Code   RO          181    i.__system          system_ctboard.o
    0x08000430   0x08000430   0x00000038   Code   RO            1    i.action_handler_init  action_handler.o
    0x08000468   0x08000468   0x00000012   Code   RO            2    i.ah_lcd_write      action_handler.o
    0x0800047a   0x0800047a   0x00000002   PAD
    0x0800047c   0x0800047c   0x00000030   Code   RO            3    i.ah_set_signal     action_handler.o
    0x080004ac   0x080004ac   0x0000005c   Code   RO          294    i.create_pattern_mask  hal_gpio.o
    0x08000508   0x08000508   0x00000094   Code   RO           48    i.eh_get_event      event_handler.o
    0x0800059c   0x0800059c   0x00000028   Code   RO           49    i.eh_init           event_handler.o
    0x080005c4   0x080005c4   0x00000408   Code   RO           88    i.fsm_handle_event  state_machine.o
    0x080009cc   0x080009cc   0x0000006c   Code   RO           89    i.fsm_init          state_machine.o
    0x08000a38   0x08000a38   0x0000019c   Code   RO          484    i.get_irq_param     hal_timer.o
    0x08000bd4   0x08000bd4   0x0000002c   Code   RO          252    i.hal_ct_lcd_clear  hal_ct_lcd.o
    0x08000c00   0x08000c00   0x0000002c   Code   RO          254    i.hal_ct_lcd_write  hal_ct_lcd.o
    0x08000c2c   0x08000c2c   0x0000019c   Code   RO          276    i.hal_fmc_init_sram  hal_fmc.o
    0x08000dc8   0x08000dc8   0x00000082   Code   RO          299    i.hal_gpio_init_alternate  hal_gpio.o
    0x08000e4a   0x08000e4a   0x0000005a   Code   RO          301    i.hal_gpio_init_input  hal_gpio.o
    0x08000ea4   0x08000ea4   0x00000098   Code   RO          302    i.hal_gpio_init_output  hal_gpio.o
    0x08000f3c   0x08000f3c   0x00000008   Code   RO          303    i.hal_gpio_input_read  hal_gpio.o
    0x08000f44   0x08000f44   0x00000008   Code   RO          307    i.hal_gpio_output_read  hal_gpio.o
    0x08000f4c   0x08000f4c   0x00000014   Code   RO          308    i.hal_gpio_output_write  hal_gpio.o
    0x08000f60   0x08000f60   0x00000006   Code   RO          403    i.hal_pwr_set_overdrive  hal_pwr.o
    0x08000f66   0x08000f66   0x00000002   PAD
    0x08000f68   0x08000f68   0x000000cc   Code   RO          447    i.hal_rcc_reset     hal_rcc.o
    0x08001034   0x08001034   0x00000098   Code   RO          448    i.hal_rcc_set_osc   hal_rcc.o
    0x080010cc   0x080010cc   0x0000008c   Code   RO          450    i.hal_rcc_setup_clock  hal_rcc.o
    0x08001158   0x08001158   0x00000148   Code   RO          451    i.hal_rcc_setup_pll  hal_rcc.o
    0x080012a0   0x080012a0   0x0000006c   Code   RO          490    i.hal_timer_init_base  hal_timer.o
    0x0800130c   0x0800130c   0x00000008   Code   RO          494    i.hal_timer_irq_clear  hal_timer.o
    0x08001314   0x08001314   0x0000005c   Code   RO          495    i.hal_timer_irq_set  hal_timer.o
    0x08001370   0x08001370   0x0000001c   Code   RO          496    i.hal_timer_irq_status  hal_timer.o
    0x0800138c   0x0800138c   0x0000000a   Code   RO          500    i.hal_timer_start   hal_timer.o
    0x08001396   0x08001396   0x00000002   PAD
    0x08001398   0x08001398   0x00000128   Code   RO          182    i.init_FMC_SRAM     system_ctboard.o
    0x080014c0   0x080014c0   0x00000002   Code   RO          183    i.init_FPU          system_ctboard.o
    0x080014c2   0x080014c2   0x00000002   PAD
    0x080014c4   0x080014c4   0x00000010   Code   RO          184    i.init_LCD          system_ctboard.o
    0x080014d4   0x080014d4   0x000000b8   Code   RO          185    i.init_SystemClock  system_ctboard.o
    0x0800158c   0x0800158c   0x00000020   Code   RO          310    i.intercept_overwrite_register  hal_gpio.o
    0x080015ac   0x080015ac   0x00000024   Code   RO           73    i.main              main.o
    0x080015d0   0x080015d0   0x00000014   Code   RO          186    i.system_enter_run  system_ctboard.o
    0x080015e4   0x080015e4   0x00000018   Code   RO          117    i.timer_decrement   timer.o
    0x080015fc   0x080015fc   0x00000048   Code   RO          118    i.timer_init        timer.o
    0x08001644   0x08001644   0x0000000c   Code   RO          119    i.timer_read        timer.o
    0x08001650   0x08001650   0x0000000c   Code   RO          120    i.timer_start       timer.o
    0x0800165c   0x0800165c   0x00000018   Code   RO          122    i.timer_wait_for_tick  timer.o


    Execution Region ER_RW (Exec base: 0x20000000, Load base: 0x08001674, Size: 0x0000000c, Max: 0xffffffff, ABSOLUTE)

    Exec Addr    Load Addr    Size         Type   Attr      Idx    E Section Name        Object

    0x20000000   0x08001674   0x00000004   Data   RW           50    .data               event_handler.o
    0x20000004   0x08001678   0x00000001   Data   RW           91    .data               state_machine.o
    0x20000005   0x08001679   0x00000001   PAD
    0x20000006   0x0800167a   0x00000003   Data   RW          123    .data               timer.o


    Execution Region ER_ZI (Exec base: 0x2000000c, Load base: 0x08001680, Size: 0x00002004, Max: 0xffffffff, ABSOLUTE)

    Exec Addr    Load Addr    Size         Type   Attr      Idx    E Section Name        Object

    0x2000000c   0x08001680   0x00000004   PAD
    0x20000010        -       0x00002000   Zero   RW          174    STACK               startup_ctboard.o


==============================================================================

Image component sizes


      Code (inc. data)   RO Data    RW Data    ZI Data      Debug   Object Name

       122         20          0          0          0      42889   action_handler.o
       124         50          0          0          0        412   datainit_ctboard.o
       188         24          0          4          0       1577   event_handler.o
        88         30          0          0          0       1014   hal_ct_lcd.o
       412          0          0          0          0        868   hal_fmc.o
       532         10          0          0          0       4860   hal_gpio.o
         6          0          0          0          0        484   hal_pwr.o
       824         54          0          0          0       2380   hal_rcc.o
       658         62          0          0          0       3933   hal_timer.o
        36          0          0          0          0        935   main.o
        36          8        428          0       8192        780   startup_ctboard.o
      1168        262          0          1          0       1646   state_machine.o
       526         50          0          0          0       3898   system_ctboard.o
       188         46          0          3          0       6022   timer.o

    ----------------------------------------------------------------------
      4916        616        428         12       8196      71698   Object Totals
         0          0          0          0          0          0   (incl. Generated)
         8          0          0          4          4          0   (incl. Padding)

    ----------------------------------------------------------------------

      Code (inc. data)   RO Data    RW Data    ZI Data      Debug   Library Member Name

       346          0          0          0          0         92   aeabi_sdiv.o
        56          0          0          0          0         68   rt_memcpy.o

    ----------------------------------------------------------------------
       404          0          0          0          0        160   Library Totals
         2          0          0          0          0          0   (incl. Padding)

    ----------------------------------------------------------------------

      Code (inc. data)   RO Data    RW Data    ZI Data      Debug   Library Name

       402          0          0          0          0        160   c_p.l

    ----------------------------------------------------------------------
       404          0          0          0          0        160   Library Totals

    ----------------------------------------------------------------------

==============================================================================


      Code (inc. data)   RO Data    RW Data    ZI Data      Debug   

      5320        616        428         12       8196      69986   Grand Totals
      5320        616        428         12       8196      69986   ELF Image Totals
      5320        616        428         12          0          0   ROM Totals

==============================================================================

    Total RO  Size (Code + RO Data)                 5748 (   5.61kB)
    Total RW  Size (RW Data + ZI Data)              8208 (   8.02kB)
    Total ROM Size (Code + RO Data + RW Data)       5760 (   5.63kB)

==============================================================================

