Component: ARM Compiler 5.06 update 6 (build 750) Tool: armlink [4d35ed]

==============================================================================

Section Cross References

    display.o(i.disp_clear_buffer) refers to display.o(.data) for disp_buf
    display.o(i.disp_init) refers to hal_gpio.o(i.hal_gpio_init_output) for hal_gpio_init_output
    display.o(i.disp_init) refers to display.o(i.disp_clear_buffer) for disp_clear_buffer
    display.o(i.disp_init) refers to display.o(i.disp_update) for disp_update
    display.o(i.disp_init) refers to display.o(.constdata) for .constdata
    display.o(i.disp_reg_new_value) refers to display.o(i.disp_update) for disp_update
    display.o(i.disp_reg_new_value) refers to display.o(.data) for disp_buf
    display.o(i.disp_update) refers to hal_gpio.o(i.hal_gpio_output_write) for hal_gpio_output_write
    display.o(i.disp_update) refers to display.o(.data) for disp_buf
    display.o(i.disp_update) refers to display.o(.constdata) for int2hex
    inout.o(i.inout_init_io) refers to hal_gpio.o(i.hal_gpio_init_input) for hal_gpio_init_input
    inout.o(i.inout_init_io) refers to hal_gpio.o(i.hal_gpio_init_output) for hal_gpio_init_output
    inout.o(i.inout_init_io) refers to inout.o(.constdata) for .constdata
    inout.o(i.inout_led_write) refers to hal_gpio.o(i.hal_gpio_output_read) for hal_gpio_output_read
    inout.o(i.inout_led_write) refers to hal_gpio.o(i.hal_gpio_output_write) for hal_gpio_output_write
    inout.o(i.inout_switch_read) refers to hal_gpio.o(i.hal_gpio_input_read) for hal_gpio_input_read
    keypad.o(i.scan_keypad_cbc) refers to keypad.o(i.pin_config) for pin_config
    keypad.o(i.scan_keypad_cbc) refers to hal_gpio.o(i.hal_gpio_output_write) for hal_gpio_output_write
    keypad.o(i.scan_keypad_cbc) refers to hal_gpio.o(i.hal_gpio_input_read) for hal_gpio_input_read
    keypad.o(i.scan_keypad_cbc) refers to keypad.o(.constdata) for key_array
    keypad.o(i.scan_keypad_fast) refers to keypad.o(i.pin_config) for pin_config
    keypad.o(i.scan_keypad_fast) refers to hal_gpio.o(i.hal_gpio_input_read) for hal_gpio_input_read
    main.o(i.main) refers to display.o(i.disp_init) for disp_init
    main.o(i.main) refers to inout.o(i.inout_init_io) for inout_init_io
    main.o(i.main) refers to inout.o(i.inout_switch_read) for inout_switch_read
    main.o(i.main) refers to display.o(i.disp_reg_new_value) for disp_reg_new_value
    datainit_ctboard.o(.text) refers (Weak) to startup_ctboard.o(STACK) for Stack_Mem
    datainit_ctboard.o(.text) refers to main.o(i.main) for main
    startup_ctboard.o(RESET) refers to startup_ctboard.o(STACK) for __initial_sp
    startup_ctboard.o(RESET) refers to startup_ctboard.o(.text) for Reset_Handler
    startup_ctboard.o(.text) refers to system_ctboard.o(i.__system) for __system
    startup_ctboard.o(.text) refers to datainit_ctboard.o(.text) for __main
    system_ctboard.o(i.__system) refers to system_ctboard.o(i.system_enter_run) for system_enter_run
    system_ctboard.o(i.init_FMC_SRAM) refers to hal_gpio.o(i.hal_gpio_init_alternate) for hal_gpio_init_alternate
    system_ctboard.o(i.init_FMC_SRAM) refers to rt_memcpy.o(.emb_text) for __aeabi_memcpy4
    system_ctboard.o(i.init_FMC_SRAM) refers to hal_fmc.o(i.hal_fmc_init_sram) for hal_fmc_init_sram
    system_ctboard.o(i.init_SystemClock) refers to hal_rcc.o(i.hal_rcc_reset) for hal_rcc_reset
    system_ctboard.o(i.init_SystemClock) refers to hal_rcc.o(i.hal_rcc_set_osc) for hal_rcc_set_osc
    system_ctboard.o(i.init_SystemClock) refers to hal_rcc.o(i.hal_rcc_setup_pll) for hal_rcc_setup_pll
    system_ctboard.o(i.init_SystemClock) refers to hal_pwr.o(i.hal_pwr_set_overdrive) for hal_pwr_set_overdrive
    system_ctboard.o(i.init_SystemClock) refers to hal_rcc.o(i.hal_rcc_setup_clock) for hal_rcc_setup_clock
    system_ctboard.o(i.system_enter_run) refers to system_ctboard.o(i.init_SystemClock) for init_SystemClock
    system_ctboard.o(i.system_enter_run) refers to system_ctboard.o(i.init_FPU) for init_FPU
    system_ctboard.o(i.system_enter_run) refers to system_ctboard.o(i.init_FMC_SRAM) for init_FMC_SRAM
    system_ctboard.o(i.system_enter_run) refers to system_ctboard.o(i.init_LCD) for init_LCD
    hal_gpio.o(i.create_pattern_mask) refers to aeabi_sdiv.o(.text) for __aeabi_idivmod
    hal_gpio.o(i.hal_gpio_bit_reset) refers to hal_gpio.o(i.intercept_overwrite_register) for intercept_overwrite_register
    hal_gpio.o(i.hal_gpio_bit_set) refers to hal_gpio.o(i.intercept_overwrite_register) for intercept_overwrite_register
    hal_gpio.o(i.hal_gpio_bit_toggle) refers to hal_gpio.o(i.intercept_overwrite_register) for intercept_overwrite_register
    hal_gpio.o(i.hal_gpio_bit_toggle) refers to hal_gpio.o(i.hal_gpio_output_read) for hal_gpio_output_read
    hal_gpio.o(i.hal_gpio_init_alternate) refers to hal_gpio.o(i.hal_gpio_init_output) for hal_gpio_init_output
    hal_gpio.o(i.hal_gpio_init_alternate) refers to hal_gpio.o(i.create_pattern_mask) for create_pattern_mask
    hal_gpio.o(i.hal_gpio_init_analog) refers to hal_gpio.o(i.hal_gpio_init_input) for hal_gpio_init_input
    hal_gpio.o(i.hal_gpio_init_analog) refers to hal_gpio.o(i.create_pattern_mask) for create_pattern_mask
    hal_gpio.o(i.hal_gpio_init_input) refers to hal_gpio.o(i.intercept_overwrite_register) for intercept_overwrite_register
    hal_gpio.o(i.hal_gpio_init_input) refers to hal_gpio.o(i.create_pattern_mask) for create_pattern_mask
    hal_gpio.o(i.hal_gpio_init_output) refers to hal_gpio.o(i.intercept_overwrite_register) for intercept_overwrite_register
    hal_gpio.o(i.hal_gpio_init_output) refers to hal_gpio.o(i.create_pattern_mask) for create_pattern_mask
    hal_gpio.o(i.hal_gpio_irq_set) refers to hal_gpio.o(i.get_syscfg_mask) for get_syscfg_mask
    hal_gpio.o(i.hal_gpio_output_write) refers to hal_gpio.o(i.intercept_overwrite_register) for intercept_overwrite_register
    hal_rcc.o(i.hal_rcc_set_peripheral) refers to hal_rcc.o(i.__ARM_common_switch8) for __ARM_common_switch8
    rt_memcpy.o(.text) refers to rt_memcpy.o(.emb_text) for __aeabi_memcpy4
    aeabi_idiv0_sigfpe.o(.text) refers to rt_div0.o(.text) for __rt_div0
    rt_div0.o(.text) refers to defsig_fpe_outer.o(.text) for __rt_SIGFPE
    defsig_fpe_outer.o(.text) refers to defsig_fpe_inner.o(.text) for __rt_SIGFPE_inner
    defsig_fpe_outer.o(.text) refers to defsig_exit.o(.text) for __sig_exit
    defsig_fpe_formal.o(.text) refers to rt_raise.o(.text) for __rt_raise
    rt_raise.o(.text) refers to __raise.o(.text) for __raise
    rt_raise.o(.text) refers to sys_exit.o(.text) for _sys_exit
    defsig_exit.o(.text) refers to sys_exit.o(.text) for _sys_exit
    defsig_fpe_inner.o(.text) refers to defsig_general.o(.text) for __default_signal_display
    sys_exit.o(.text) refers (Special) to use_no_semi.o(.text) for __I$use$semihosting
    sys_exit.o(.text) refers (Special) to indicate_semi.o(.text) for __semihosting_library_function
    __raise.o(.text) refers to defsig.o(CL$$defsig) for __default_signal_handler
    defsig_general.o(.text) refers to sys_wrch.o(.text) for _ttywrch
    sys_wrch.o(.text) refers (Special) to use_no_semi.o(.text) for __I$use$semihosting
    sys_wrch.o(.text) refers (Special) to indicate_semi.o(.text) for __semihosting_library_function
    defsig.o(CL$$defsig) refers to defsig_fpe_inner.o(.text) for __rt_SIGFPE_inner
    defsig_abrt_inner.o(.text) refers to defsig_general.o(.text) for __default_signal_display
    defsig_rtred_inner.o(.text) refers to defsig_general.o(.text) for __default_signal_display
    defsig_rtmem_inner.o(.text) refers to defsig_general.o(.text) for __default_signal_display
    defsig_stak_inner.o(.text) refers to defsig_general.o(.text) for __default_signal_display
    defsig_pvfn_inner.o(.text) refers to defsig_general.o(.text) for __default_signal_display
    defsig_cppl_inner.o(.text) refers to defsig_general.o(.text) for __default_signal_display
    defsig_segv_inner.o(.text) refers to defsig_general.o(.text) for __default_signal_display
    defsig_other.o(.text) refers to defsig_general.o(.text) for __default_signal_display


==============================================================================

Removing Unused input sections from the image.

    Removing inout.o(i.inout_led_write), (44 bytes).
    Removing keypad.o(i.pin_config), (2 bytes).
    Removing keypad.o(i.scan_keypad_cbc), (128 bytes).
    Removing keypad.o(i.scan_keypad_fast), (28 bytes).
    Removing keypad.o(.constdata), (64 bytes).
    Removing startup_ctboard.o(HEAP), (2048 bytes).
    Removing system_ctboard.o(i.system_enter_sleep), (2 bytes).
    Removing system_ctboard.o(i.system_enter_standby), (2 bytes).
    Removing system_ctboard.o(i.system_enter_stop), (2 bytes).
    Removing hal_fmc.o(i.hal_fmc_reset), (92 bytes).
    Removing hal_gpio.o(i.get_syscfg_mask), (148 bytes).
    Removing hal_gpio.o(i.hal_gpio_bit_reset), (24 bytes).
    Removing hal_gpio.o(i.hal_gpio_bit_set), (24 bytes).
    Removing hal_gpio.o(i.hal_gpio_bit_toggle), (42 bytes).
    Removing hal_gpio.o(i.hal_gpio_init_analog), (50 bytes).
    Removing hal_gpio.o(i.hal_gpio_irq_clear), (16 bytes).
    Removing hal_gpio.o(i.hal_gpio_irq_set), (268 bytes).
    Removing hal_gpio.o(i.hal_gpio_irq_status), (36 bytes).
    Removing hal_gpio.o(i.hal_gpio_output_read), (8 bytes).
    Removing hal_gpio.o(i.hal_gpio_reset), (76 bytes).
    Removing hal_pwr.o(i.hal_pwr_reset), (20 bytes).
    Removing hal_pwr.o(i.hal_pwr_set_backup_access), (40 bytes).
    Removing hal_pwr.o(i.hal_pwr_set_backup_domain), (100 bytes).
    Removing hal_pwr.o(i.hal_pwr_set_flash_powerdown), (40 bytes).
    Removing hal_pwr.o(i.hal_pwr_set_underdrive), (6 bytes).
    Removing hal_pwr.o(i.hal_pwr_set_wakeup_pin), (40 bytes).
    Removing hal_rcc.o(i.hal_rcc_set_peripheral), (236 bytes).
    Removing hal_rcc.o(i.__ARM_common_switch8), (28 bytes).

28 unused section(s) (total 3614 bytes) removed from the image.

==============================================================================

Image Symbol Table

    Local Symbols

    Symbol Name                              Value     Ov Type        Size  Object(Section)

    ../clib/angel/rt.s                       0x00000000   Number         0  aeabi_idiv0.o ABSOLUTE
    ../clib/angel/rt.s                       0x00000000   Number         0  rt_div0.o ABSOLUTE
    ../clib/angel/rt.s                       0x00000000   Number         0  aeabi_idiv0_sigfpe.o ABSOLUTE
    ../clib/angel/rt.s                       0x00000000   Number         0  rt_raise.o ABSOLUTE
    ../clib/angel/sys.s                      0x00000000   Number         0  use_no_semi.o ABSOLUTE
    ../clib/angel/sys.s                      0x00000000   Number         0  indicate_semi.o ABSOLUTE
    ../clib/angel/sysapp.c                   0x00000000   Number         0  sys_wrch.o ABSOLUTE
    ../clib/angel/sysapp.c                   0x00000000   Number         0  sys_exit.o ABSOLUTE
    ../clib/division.s                       0x00000000   Number         0  aeabi_sdiv_div0.o ABSOLUTE
    ../clib/division.s                       0x00000000   Number         0  aeabi_sdiv.o ABSOLUTE
    ../clib/memcpset.c                       0x00000000   Number         0  rt_memcpy.o ABSOLUTE
    ../clib/memcpset.c                       0x00000000   Number         0  rt_memcpy.o ABSOLUTE
    ../clib/signal.c                         0x00000000   Number         0  defsig_cppl_inner.o ABSOLUTE
    ../clib/signal.c                         0x00000000   Number         0  defsig_pvfn_inner.o ABSOLUTE
    ../clib/signal.c                         0x00000000   Number         0  defsig_stak_inner.o ABSOLUTE
    ../clib/signal.c                         0x00000000   Number         0  defsig_rtmem_inner.o ABSOLUTE
    ../clib/signal.c                         0x00000000   Number         0  defsig_abrt_inner.o ABSOLUTE
    ../clib/signal.c                         0x00000000   Number         0  defsig_rtred_inner.o ABSOLUTE
    ../clib/signal.c                         0x00000000   Number         0  defsig_general.o ABSOLUTE
    ../clib/signal.c                         0x00000000   Number         0  __raise.o ABSOLUTE
    ../clib/signal.c                         0x00000000   Number         0  defsig_fpe_inner.o ABSOLUTE
    ../clib/signal.c                         0x00000000   Number         0  defsig_exit.o ABSOLUTE
    ../clib/signal.c                         0x00000000   Number         0  defsig_fpe_formal.o ABSOLUTE
    ../clib/signal.c                         0x00000000   Number         0  defsig_fpe_outer.o ABSOLUTE
    ../clib/signal.c                         0x00000000   Number         0  defsig_segv_inner.o ABSOLUTE
    ../clib/signal.c                         0x00000000   Number         0  defsig_other.o ABSOLUTE
    ../clib/signal.s                         0x00000000   Number         0  defsig.o ABSOLUTE
    RTE\Device\CT_Board_HS14_M0\datainit_ctboard.s 0x00000000   Number         0  datainit_ctboard.o ABSOLUTE
    RTE\Device\CT_Board_HS14_M0\startup_ctboard.s 0x00000000   Number         0  startup_ctboard.o ABSOLUTE
    RTE\Device\CT_Board_HS14_M0\system_ctboard.c 0x00000000   Number         0  system_ctboard.o ABSOLUTE
    RTE\HAL\CT_Board_HS14_M0\hal_fmc.c       0x00000000   Number         0  hal_fmc.o ABSOLUTE
    RTE\HAL\CT_Board_HS14_M0\hal_gpio.c      0x00000000   Number         0  hal_gpio.o ABSOLUTE
    RTE\HAL\CT_Board_HS14_M0\hal_pwr.c       0x00000000   Number         0  hal_pwr.o ABSOLUTE
    RTE\HAL\CT_Board_HS14_M0\hal_rcc.c       0x00000000   Number         0  hal_rcc.o ABSOLUTE
    app\display.c                            0x00000000   Number         0  display.o ABSOLUTE
    app\inout.c                              0x00000000   Number         0  inout.o ABSOLUTE
    app\keypad.c                             0x00000000   Number         0  keypad.o ABSOLUTE
    app\main.c                               0x00000000   Number         0  main.o ABSOLUTE
    dc.s                                     0x00000000   Number         0  dc.o ABSOLUTE
    RESET                                    0x08000000   Section      428  startup_ctboard.o(RESET)
    .emb_text                                0x080001ac   Section       56  rt_memcpy.o(.emb_text)
    .text                                    0x080001e4   Section      124  datainit_ctboard.o(.text)
    .text                                    0x08000260   Section       36  startup_ctboard.o(.text)
    .text                                    0x08000284   Section      346  aeabi_sdiv.o(.text)
    i.__system                               0x080003de   Section        0  system_ctboard.o(i.__system)
    i.create_pattern_mask                    0x080003e6   Section        0  hal_gpio.o(i.create_pattern_mask)
    create_pattern_mask                      0x080003e7   Thumb Code    92  hal_gpio.o(i.create_pattern_mask)
    i.disp_clear_buffer                      0x08000444   Section        0  display.o(i.disp_clear_buffer)
    i.disp_init                              0x0800045c   Section        0  display.o(i.disp_init)
    i.disp_reg_new_value                     0x08000484   Section        0  display.o(i.disp_reg_new_value)
    i.disp_update                            0x080004ac   Section        0  display.o(i.disp_update)
    i.hal_fmc_init_sram                      0x080004ec   Section        0  hal_fmc.o(i.hal_fmc_init_sram)
    i.hal_gpio_init_alternate                0x08000688   Section        0  hal_gpio.o(i.hal_gpio_init_alternate)
    i.hal_gpio_init_input                    0x0800070a   Section        0  hal_gpio.o(i.hal_gpio_init_input)
    i.hal_gpio_init_output                   0x08000764   Section        0  hal_gpio.o(i.hal_gpio_init_output)
    i.hal_gpio_input_read                    0x080007fc   Section        0  hal_gpio.o(i.hal_gpio_input_read)
    i.hal_gpio_output_write                  0x08000804   Section        0  hal_gpio.o(i.hal_gpio_output_write)
    i.hal_pwr_set_overdrive                  0x08000818   Section        0  hal_pwr.o(i.hal_pwr_set_overdrive)
    i.hal_rcc_reset                          0x08000820   Section        0  hal_rcc.o(i.hal_rcc_reset)
    i.hal_rcc_set_osc                        0x080008ec   Section        0  hal_rcc.o(i.hal_rcc_set_osc)
    i.hal_rcc_setup_clock                    0x08000984   Section        0  hal_rcc.o(i.hal_rcc_setup_clock)
    i.hal_rcc_setup_pll                      0x08000a10   Section        0  hal_rcc.o(i.hal_rcc_setup_pll)
    i.init_FMC_SRAM                          0x08000b58   Section        0  system_ctboard.o(i.init_FMC_SRAM)
    init_FMC_SRAM                            0x08000b59   Thumb Code   266  system_ctboard.o(i.init_FMC_SRAM)
    i.init_FPU                               0x08000c80   Section        0  system_ctboard.o(i.init_FPU)
    init_FPU                                 0x08000c81   Thumb Code     2  system_ctboard.o(i.init_FPU)
    i.init_LCD                               0x08000c84   Section        0  system_ctboard.o(i.init_LCD)
    init_LCD                                 0x08000c85   Thumb Code    12  system_ctboard.o(i.init_LCD)
    i.init_SystemClock                       0x08000c94   Section        0  system_ctboard.o(i.init_SystemClock)
    init_SystemClock                         0x08000c95   Thumb Code   168  system_ctboard.o(i.init_SystemClock)
    i.inout_init_io                          0x08000d4c   Section        0  inout.o(i.inout_init_io)
    i.inout_switch_read                      0x08000d7c   Section        0  inout.o(i.inout_switch_read)
    i.intercept_overwrite_register           0x08000d9c   Section        0  hal_gpio.o(i.intercept_overwrite_register)
    intercept_overwrite_register             0x08000d9d   Thumb Code    22  hal_gpio.o(i.intercept_overwrite_register)
    i.main                                   0x08000dbc   Section        0  main.o(i.main)
    i.system_enter_run                       0x08000e34   Section        0  system_ctboard.o(i.system_enter_run)
    .constdata                               0x08000e48   Section       22  display.o(.constdata)
    int2hex                                  0x08000e48   Data          16  display.o(.constdata)
    .constdata                               0x08000e60   Section       10  inout.o(.constdata)
    .data                                    0x20000000   Section        8  display.o(.data)
    disp_buf                                 0x20000000   Data           8  display.o(.data)
    STACK                                    0x20000008   Section     8192  startup_ctboard.o(STACK)
    __initial_sp                             0x20002008   Data           0  startup_ctboard.o(STACK)

    Global Symbols

    Symbol Name                              Value     Ov Type        Size  Object(Section)

    BuildAttributes$$THM_ISAv3M$S$PE$A:L22$X:L11$S22$IEEE1$IW$USESV6$~STKCKD$USESV7$~SHL$OSPACE$ROPI$EBA8$STANDARDLIB$REQ8$PRES8$EABIv2 0x00000000   Number         0  anon$$obj.o ABSOLUTE
    __ARM_use_no_argv                        0x00000000   Number         0  main.o ABSOLUTE
    Image$$RO$$Limit                          - Undefined Weak Reference
    Image$$RW$$Base                           - Undefined Weak Reference
    Image$$ZI$$Base                           - Undefined Weak Reference
    Image$$ZI$$Limit                          - Undefined Weak Reference
    __sigvec_lookup                           - Undefined Weak Reference
    __Vectors_Size                           0x000001ac   Number         0  startup_ctboard.o ABSOLUTE
    Stack_Size                               0x00002000   Number         0  startup_ctboard.o ABSOLUTE
    __Vectors                                0x08000000   Data           4  startup_ctboard.o(RESET)
    __Vectors_End                            0x080001ac   Data           0  startup_ctboard.o(RESET)
    __aeabi_memcpy4                          0x080001ad   Thumb Code    56  rt_memcpy.o(.emb_text)
    __aeabi_memcpy8                          0x080001ad   Thumb Code     0  rt_memcpy.o(.emb_text)
    __main                                   0x080001e5   Thumb Code    74  datainit_ctboard.o(.text)
    Reset_Handler                            0x08000261   Thumb Code     8  startup_ctboard.o(.text)
    NMI_Handler                              0x08000269   Thumb Code     2  startup_ctboard.o(.text)
    HardFault_Handler                        0x0800026b   Thumb Code     2  startup_ctboard.o(.text)
    MemManage_Handler                        0x0800026d   Thumb Code     2  startup_ctboard.o(.text)
    BusFault_Handler                         0x0800026f   Thumb Code     2  startup_ctboard.o(.text)
    UsageFault_Handler                       0x08000271   Thumb Code     2  startup_ctboard.o(.text)
    SVC_Handler                              0x08000273   Thumb Code     2  startup_ctboard.o(.text)
    DebugMon_Handler                         0x08000275   Thumb Code     2  startup_ctboard.o(.text)
    PendSV_Handler                           0x08000277   Thumb Code     2  startup_ctboard.o(.text)
    SysTick_Handler                          0x08000279   Thumb Code     2  startup_ctboard.o(.text)
    ADC_IRQHandler                           0x0800027b   Thumb Code     0  startup_ctboard.o(.text)
    CAN1_RX0_IRQHandler                      0x0800027b   Thumb Code     0  startup_ctboard.o(.text)
    CAN1_RX1_IRQHandler                      0x0800027b   Thumb Code     0  startup_ctboard.o(.text)
    CAN1_SCE_IRQHandler                      0x0800027b   Thumb Code     0  startup_ctboard.o(.text)
    CAN1_TX_IRQHandler                       0x0800027b   Thumb Code     0  startup_ctboard.o(.text)
    CAN2_RX0_IRQHandler                      0x0800027b   Thumb Code     0  startup_ctboard.o(.text)
    CAN2_RX1_IRQHandler                      0x0800027b   Thumb Code     0  startup_ctboard.o(.text)
    CAN2_SCE_IRQHandler                      0x0800027b   Thumb Code     0  startup_ctboard.o(.text)
    CAN2_TX_IRQHandler                       0x0800027b   Thumb Code     0  startup_ctboard.o(.text)
    CRYP_IRQHandler                          0x0800027b   Thumb Code     0  startup_ctboard.o(.text)
    DCMI_IRQHandler                          0x0800027b   Thumb Code     0  startup_ctboard.o(.text)
    DMA1_Stream0_IRQHandler                  0x0800027b   Thumb Code     0  startup_ctboard.o(.text)
    DMA1_Stream1_IRQHandler                  0x0800027b   Thumb Code     0  startup_ctboard.o(.text)
    DMA1_Stream2_IRQHandler                  0x0800027b   Thumb Code     0  startup_ctboard.o(.text)
    DMA1_Stream3_IRQHandler                  0x0800027b   Thumb Code     0  startup_ctboard.o(.text)
    DMA1_Stream4_IRQHandler                  0x0800027b   Thumb Code     0  startup_ctboard.o(.text)
    DMA1_Stream5_IRQHandler                  0x0800027b   Thumb Code     0  startup_ctboard.o(.text)
    DMA1_Stream6_IRQHandler                  0x0800027b   Thumb Code     0  startup_ctboard.o(.text)
    DMA1_Stream7_IRQHandler                  0x0800027b   Thumb Code     0  startup_ctboard.o(.text)
    DMA2D_IRQHandler                         0x0800027b   Thumb Code     0  startup_ctboard.o(.text)
    DMA2_Stream0_IRQHandler                  0x0800027b   Thumb Code     0  startup_ctboard.o(.text)
    DMA2_Stream1_IRQHandler                  0x0800027b   Thumb Code     0  startup_ctboard.o(.text)
    DMA2_Stream2_IRQHandler                  0x0800027b   Thumb Code     0  startup_ctboard.o(.text)
    DMA2_Stream3_IRQHandler                  0x0800027b   Thumb Code     0  startup_ctboard.o(.text)
    DMA2_Stream4_IRQHandler                  0x0800027b   Thumb Code     0  startup_ctboard.o(.text)
    DMA2_Stream5_IRQHandler                  0x0800027b   Thumb Code     0  startup_ctboard.o(.text)
    DMA2_Stream6_IRQHandler                  0x0800027b   Thumb Code     0  startup_ctboard.o(.text)
    DMA2_Stream7_IRQHandler                  0x0800027b   Thumb Code     0  startup_ctboard.o(.text)
    ETH_IRQHandler                           0x0800027b   Thumb Code     0  startup_ctboard.o(.text)
    ETH_WKUP_IRQHandler                      0x0800027b   Thumb Code     0  startup_ctboard.o(.text)
    EXTI0_IRQHandler                         0x0800027b   Thumb Code     0  startup_ctboard.o(.text)
    EXTI15_10_IRQHandler                     0x0800027b   Thumb Code     0  startup_ctboard.o(.text)
    EXTI1_IRQHandler                         0x0800027b   Thumb Code     0  startup_ctboard.o(.text)
    EXTI2_IRQHandler                         0x0800027b   Thumb Code     0  startup_ctboard.o(.text)
    EXTI3_IRQHandler                         0x0800027b   Thumb Code     0  startup_ctboard.o(.text)
    EXTI4_IRQHandler                         0x0800027b   Thumb Code     0  startup_ctboard.o(.text)
    EXTI9_5_IRQHandler                       0x0800027b   Thumb Code     0  startup_ctboard.o(.text)
    FLASH_IRQHandler                         0x0800027b   Thumb Code     0  startup_ctboard.o(.text)
    FMC_IRQHandler                           0x0800027b   Thumb Code     0  startup_ctboard.o(.text)
    FPU_IRQHandler                           0x0800027b   Thumb Code     0  startup_ctboard.o(.text)
    HASH_RNG_IRQHandler                      0x0800027b   Thumb Code     0  startup_ctboard.o(.text)
    I2C1_ER_IRQHandler                       0x0800027b   Thumb Code     0  startup_ctboard.o(.text)
    I2C1_EV_IRQHandler                       0x0800027b   Thumb Code     0  startup_ctboard.o(.text)
    I2C2_ER_IRQHandler                       0x0800027b   Thumb Code     0  startup_ctboard.o(.text)
    I2C2_EV_IRQHandler                       0x0800027b   Thumb Code     0  startup_ctboard.o(.text)
    I2C3_ER_IRQHandler                       0x0800027b   Thumb Code     0  startup_ctboard.o(.text)
    I2C3_EV_IRQHandler                       0x0800027b   Thumb Code     0  startup_ctboard.o(.text)
    LTDC_ER_IRQHandler                       0x0800027b   Thumb Code     0  startup_ctboard.o(.text)
    LTDC_IRQHandler                          0x0800027b   Thumb Code     0  startup_ctboard.o(.text)
    OTG_FS_IRQHandler                        0x0800027b   Thumb Code     0  startup_ctboard.o(.text)
    OTG_FS_WKUP_IRQHandler                   0x0800027b   Thumb Code     0  startup_ctboard.o(.text)
    OTG_HS_EP1_IN_IRQHandler                 0x0800027b   Thumb Code     0  startup_ctboard.o(.text)
    OTG_HS_EP1_OUT_IRQHandler                0x0800027b   Thumb Code     0  startup_ctboard.o(.text)
    OTG_HS_IRQHandler                        0x0800027b   Thumb Code     0  startup_ctboard.o(.text)
    OTG_HS_WKUP_IRQHandler                   0x0800027b   Thumb Code     0  startup_ctboard.o(.text)
    PVD_IRQHandler                           0x0800027b   Thumb Code     0  startup_ctboard.o(.text)
    RCC_IRQHandler                           0x0800027b   Thumb Code     0  startup_ctboard.o(.text)
    RTC_Alarm_IRQHandler                     0x0800027b   Thumb Code     0  startup_ctboard.o(.text)
    RTC_WKUP_IRQHandler                      0x0800027b   Thumb Code     0  startup_ctboard.o(.text)
    SAI1_IRQHandler                          0x0800027b   Thumb Code     0  startup_ctboard.o(.text)
    SDIO_IRQHandler                          0x0800027b   Thumb Code     0  startup_ctboard.o(.text)
    SPI1_IRQHandler                          0x0800027b   Thumb Code     0  startup_ctboard.o(.text)
    SPI2_IRQHandler                          0x0800027b   Thumb Code     0  startup_ctboard.o(.text)
    SPI3_IRQHandler                          0x0800027b   Thumb Code     0  startup_ctboard.o(.text)
    SPI4_IRQHandler                          0x0800027b   Thumb Code     0  startup_ctboard.o(.text)
    SPI5_IRQHandler                          0x0800027b   Thumb Code     0  startup_ctboard.o(.text)
    SPI6_IRQHandler                          0x0800027b   Thumb Code     0  startup_ctboard.o(.text)
    TAMP_STAMP_IRQHandler                    0x0800027b   Thumb Code     0  startup_ctboard.o(.text)
    TIM1_BRK_TIM9_IRQHandler                 0x0800027b   Thumb Code     0  startup_ctboard.o(.text)
    TIM1_CC_IRQHandler                       0x0800027b   Thumb Code     0  startup_ctboard.o(.text)
    TIM1_TRG_COM_TIM11_IRQHandler            0x0800027b   Thumb Code     0  startup_ctboard.o(.text)
    TIM1_UP_TIM10_IRQHandler                 0x0800027b   Thumb Code     0  startup_ctboard.o(.text)
    TIM2_IRQHandler                          0x0800027b   Thumb Code     0  startup_ctboard.o(.text)
    TIM3_IRQHandler                          0x0800027b   Thumb Code     0  startup_ctboard.o(.text)
    TIM4_IRQHandler                          0x0800027b   Thumb Code     0  startup_ctboard.o(.text)
    TIM5_IRQHandler                          0x0800027b   Thumb Code     0  startup_ctboard.o(.text)
    TIM6_DAC_IRQHandler                      0x0800027b   Thumb Code     0  startup_ctboard.o(.text)
    TIM7_IRQHandler                          0x0800027b   Thumb Code     0  startup_ctboard.o(.text)
    TIM8_BRK_TIM12_IRQHandler                0x0800027b   Thumb Code     0  startup_ctboard.o(.text)
    TIM8_CC_IRQHandler                       0x0800027b   Thumb Code     0  startup_ctboard.o(.text)
    TIM8_TRG_COM_TIM14_IRQHandler            0x0800027b   Thumb Code     0  startup_ctboard.o(.text)
    TIM8_UP_TIM13_IRQHandler                 0x0800027b   Thumb Code     0  startup_ctboard.o(.text)
    UART4_IRQHandler                         0x0800027b   Thumb Code     0  startup_ctboard.o(.text)
    UART5_IRQHandler                         0x0800027b   Thumb Code     0  startup_ctboard.o(.text)
    UART7_IRQHandler                         0x0800027b   Thumb Code     0  startup_ctboard.o(.text)
    UART8_IRQHandler                         0x0800027b   Thumb Code     0  startup_ctboard.o(.text)
    USART1_IRQHandler                        0x0800027b   Thumb Code     0  startup_ctboard.o(.text)
    USART2_IRQHandler                        0x0800027b   Thumb Code     0  startup_ctboard.o(.text)
    USART3_IRQHandler                        0x0800027b   Thumb Code     0  startup_ctboard.o(.text)
    USART6_IRQHandler                        0x0800027b   Thumb Code     0  startup_ctboard.o(.text)
    WWDG_IRQHandler                          0x0800027b   Thumb Code     0  startup_ctboard.o(.text)
    __aeabi_uidiv                            0x08000285   Thumb Code     0  aeabi_sdiv.o(.text)
    __aeabi_uidivmod                         0x08000285   Thumb Code    20  aeabi_sdiv.o(.text)
    __aeabi_idiv                             0x08000299   Thumb Code     0  aeabi_sdiv.o(.text)
    __aeabi_idivmod                          0x08000299   Thumb Code   326  aeabi_sdiv.o(.text)
    __system                                 0x080003df   Thumb Code     8  system_ctboard.o(i.__system)
    disp_clear_buffer                        0x08000445   Thumb Code    20  display.o(i.disp_clear_buffer)
    disp_init                                0x0800045d   Thumb Code    30  display.o(i.disp_init)
    disp_reg_new_value                       0x08000485   Thumb Code    34  display.o(i.disp_reg_new_value)
    disp_update                              0x080004ad   Thumb Code    52  display.o(i.disp_update)
    hal_fmc_init_sram                        0x080004ed   Thumb Code   412  hal_fmc.o(i.hal_fmc_init_sram)
    hal_gpio_init_alternate                  0x08000689   Thumb Code   130  hal_gpio.o(i.hal_gpio_init_alternate)
    hal_gpio_init_input                      0x0800070b   Thumb Code    90  hal_gpio.o(i.hal_gpio_init_input)
    hal_gpio_init_output                     0x08000765   Thumb Code   152  hal_gpio.o(i.hal_gpio_init_output)
    hal_gpio_input_read                      0x080007fd   Thumb Code     8  hal_gpio.o(i.hal_gpio_input_read)
    hal_gpio_output_write                    0x08000805   Thumb Code    20  hal_gpio.o(i.hal_gpio_output_write)
    hal_pwr_set_overdrive                    0x08000819   Thumb Code     6  hal_pwr.o(i.hal_pwr_set_overdrive)
    hal_rcc_reset                            0x08000821   Thumb Code   176  hal_rcc.o(i.hal_rcc_reset)
    hal_rcc_set_osc                          0x080008ed   Thumb Code   148  hal_rcc.o(i.hal_rcc_set_osc)
    hal_rcc_setup_clock                      0x08000985   Thumb Code   132  hal_rcc.o(i.hal_rcc_setup_clock)
    hal_rcc_setup_pll                        0x08000a11   Thumb Code   314  hal_rcc.o(i.hal_rcc_setup_pll)
    inout_init_io                            0x08000d4d   Thumb Code    38  inout.o(i.inout_init_io)
    inout_switch_read                        0x08000d7d   Thumb Code    26  inout.o(i.inout_switch_read)
    main                                     0x08000dbd   Thumb Code   116  main.o(i.main)
    system_enter_run                         0x08000e35   Thumb Code    20  system_ctboard.o(i.system_enter_run)
    Image$$ER_IROM1$$Limit                   0x08000e6c   Number         0  anon$$obj.o ABSOLUTE
    Image$$RW_IRAM1$$Base                    0x20000000   Number         0  anon$$obj.o ABSOLUTE
    Image$$RW_IRAM1$$ZI$$Base                0x20000008   Number         0  anon$$obj.o ABSOLUTE
    Stack_Mem                                0x20000008   Data        8192  startup_ctboard.o(STACK)
    Image$$RW_IRAM1$$ZI$$Limit               0x20002008   Number         0  anon$$obj.o ABSOLUTE



==============================================================================

Memory Map of the image

  Image Entry point : 0x08000261

  Load Region LR_IROM1 (Base: 0x08000000, Size: 0x00000e74, Max: 0x00200000, ABSOLUTE)

    Execution Region ER_IROM1 (Exec base: 0x08000000, Load base: 0x08000000, Size: 0x00000e6c, Max: 0x00200000, ABSOLUTE)

    Exec Addr    Load Addr    Size         Type   Attr      Idx    E Section Name        Object

    0x08000000   0x08000000   0x000001ac   Data   RO          127    RESET               startup_ctboard.o
    0x080001ac   0x080001ac   0x00000038   Code   RO          417    .emb_text           c_p.l(rt_memcpy.o)
    0x080001e4   0x080001e4   0x0000007c   Code   RO          120    .text               datainit_ctboard.o
    0x08000260   0x08000260   0x00000024   Code   RO          128  * .text               startup_ctboard.o
    0x08000284   0x08000284   0x0000015a   Code   RO          421    .text               c_p.l(aeabi_sdiv.o)
    0x080003de   0x080003de   0x00000008   Code   RO          132    i.__system          system_ctboard.o
    0x080003e6   0x080003e6   0x0000005c   Code   RO          224    i.create_pattern_mask  hal_gpio.o
    0x08000442   0x08000442   0x00000002   PAD
    0x08000444   0x08000444   0x00000018   Code   RO            1    i.disp_clear_buffer  display.o
    0x0800045c   0x0800045c   0x00000028   Code   RO            2    i.disp_init         display.o
    0x08000484   0x08000484   0x00000028   Code   RO            3    i.disp_reg_new_value  display.o
    0x080004ac   0x080004ac   0x00000040   Code   RO            4    i.disp_update       display.o
    0x080004ec   0x080004ec   0x0000019c   Code   RO          206    i.hal_fmc_init_sram  hal_fmc.o
    0x08000688   0x08000688   0x00000082   Code   RO          229    i.hal_gpio_init_alternate  hal_gpio.o
    0x0800070a   0x0800070a   0x0000005a   Code   RO          231    i.hal_gpio_init_input  hal_gpio.o
    0x08000764   0x08000764   0x00000098   Code   RO          232    i.hal_gpio_init_output  hal_gpio.o
    0x080007fc   0x080007fc   0x00000008   Code   RO          233    i.hal_gpio_input_read  hal_gpio.o
    0x08000804   0x08000804   0x00000014   Code   RO          238    i.hal_gpio_output_write  hal_gpio.o
    0x08000818   0x08000818   0x00000006   Code   RO          333    i.hal_pwr_set_overdrive  hal_pwr.o
    0x0800081e   0x0800081e   0x00000002   PAD
    0x08000820   0x08000820   0x000000cc   Code   RO          377    i.hal_rcc_reset     hal_rcc.o
    0x080008ec   0x080008ec   0x00000098   Code   RO          378    i.hal_rcc_set_osc   hal_rcc.o
    0x08000984   0x08000984   0x0000008c   Code   RO          380    i.hal_rcc_setup_clock  hal_rcc.o
    0x08000a10   0x08000a10   0x00000148   Code   RO          381    i.hal_rcc_setup_pll  hal_rcc.o
    0x08000b58   0x08000b58   0x00000128   Code   RO          133    i.init_FMC_SRAM     system_ctboard.o
    0x08000c80   0x08000c80   0x00000002   Code   RO          134    i.init_FPU          system_ctboard.o
    0x08000c82   0x08000c82   0x00000002   PAD
    0x08000c84   0x08000c84   0x00000010   Code   RO          135    i.init_LCD          system_ctboard.o
    0x08000c94   0x08000c94   0x000000b8   Code   RO          136    i.init_SystemClock  system_ctboard.o
    0x08000d4c   0x08000d4c   0x00000030   Code   RO           51    i.inout_init_io     inout.o
    0x08000d7c   0x08000d7c   0x00000020   Code   RO           53    i.inout_switch_read  inout.o
    0x08000d9c   0x08000d9c   0x00000020   Code   RO          240    i.intercept_overwrite_register  hal_gpio.o
    0x08000dbc   0x08000dbc   0x00000078   Code   RO          108    i.main              main.o
    0x08000e34   0x08000e34   0x00000014   Code   RO          137    i.system_enter_run  system_ctboard.o
    0x08000e48   0x08000e48   0x00000016   Data   RO            5    .constdata          display.o
    0x08000e5e   0x08000e5e   0x00000002   PAD
    0x08000e60   0x08000e60   0x0000000a   Data   RO           54    .constdata          inout.o


    Execution Region RW_IRAM2 (Exec base: 0x10000000, Load base: 0x08000e74, Size: 0x00000000, Max: 0x00010000, ABSOLUTE)

    **** No section assigned to this execution region ****


    Execution Region RW_IRAM1 (Exec base: 0x20000000, Load base: 0x08000e6c, Size: 0x00002008, Max: 0x00030000, ABSOLUTE)

    Exec Addr    Load Addr    Size         Type   Attr      Idx    E Section Name        Object

    0x20000000   0x08000e6c   0x00000008   Data   RW            6    .data               display.o
    0x20000008        -       0x00002000   Zero   RW          125    STACK               startup_ctboard.o


==============================================================================

Image component sizes


      Code (inc. data)   RO Data    RW Data    ZI Data      Debug   Object Name

       124         50          0          0          0        440   datainit_ctboard.o
       168         32         22          8          0      42491   display.o
       412          0          0          0          0        896   hal_fmc.o
       524         10          0          0          0       4581   hal_gpio.o
         6          0          0          0          0        512   hal_pwr.o
       824         54          0          0          0       2488   hal_rcc.o
        80         16         10          0          0        908   inout.o
       120          4          0          0          0        531   main.o
        36          8        428          0       8192        808   startup_ctboard.o
       526         50          0          0          0       5006   system_ctboard.o

    ----------------------------------------------------------------------
      2826        224        464          8       8192      58661   Object Totals
         0          0          0          0          0          0   (incl. Generated)
         6          0          4          0          0          0   (incl. Padding)

    ----------------------------------------------------------------------

      Code (inc. data)   RO Data    RW Data    ZI Data      Debug   Library Member Name

       346          0          0          0          0         92   aeabi_sdiv.o
        56          0          0          0          0         68   rt_memcpy.o

    ----------------------------------------------------------------------
       402          0          0          0          0        160   Library Totals
         0          0          0          0          0          0   (incl. Padding)

    ----------------------------------------------------------------------

      Code (inc. data)   RO Data    RW Data    ZI Data      Debug   Library Name

       402          0          0          0          0        160   c_p.l

    ----------------------------------------------------------------------
       402          0          0          0          0        160   Library Totals

    ----------------------------------------------------------------------

==============================================================================


      Code (inc. data)   RO Data    RW Data    ZI Data      Debug   

      3228        224        464          8       8192      57653   Grand Totals
      3228        224        464          8       8192      57653   ELF Image Totals
      3228        224        464          8          0          0   ROM Totals

==============================================================================

    Total RO  Size (Code + RO Data)                 3692 (   3.61kB)
    Total RW  Size (RW Data + ZI Data)              8200 (   8.01kB)
    Total ROM Size (Code + RO Data + RW Data)       3700 (   3.61kB)

==============================================================================

